[      94ms] [ERROR] Failed to load resource: net::ERR_CONNECTION_REFUSED @ http://localhost:5177/remoteEntry.js:0
[     168ms] [ERROR] Failed to load resource: the server responded with a status of 401 (Unauthorized) @ http://localhost:8081/notifications/stream?ticket=efbcf5f2-2645-40c8-bbb1-8f90097b26bf:0
[    1175ms] [ERROR] Failed to load resource: the server responded with a status of 401 (Unauthorized) @ http://localhost:8081/notifications/stream?ticket=26811228-785c-44df-91b9-ad20fdd18c64:0
[    2183ms] [ERROR] Failed to load resource: the server responded with a status of 401 (Unauthorized) @ http://localhost:8081/notifications/stream?ticket=8d53f1ff-74d5-44ea-9299-d778a87aeedd:0
[    3194ms] [ERROR] Failed to load resource: the server responded with a status of 401 (Unauthorized) @ http://localhost:8081/notifications/stream?ticket=e9127ad3-f997-491f-9c94-04acac60abb7:0
[    4203ms] [ERROR] Failed to load resource: the server responded with a status of 401 (Unauthorized) @ http://localhost:8081/notifications/stream?ticket=ce69536c-63a0-4da3-8221-06be43a4235d:0
[    5212ms] [ERROR] Failed to load resource: the server responded with a status of 401 (Unauthorized) @ http://localhost:8081/notifications/stream?ticket=3019a5c7-d57a-4d41-a541-b6179fa36ce8:0
[    6220ms] [ERROR] Failed to load resource: the server responded with a status of 401 (Unauthorized) @ http://localhost:8081/notifications/stream?ticket=c1eb60dd-5f3e-4be0-b1b6-4721e7b69ca8:0
[    7230ms] [ERROR] Failed to load resource: the server responded with a status of 401 (Unauthorized) @ http://localhost:8081/notifications/stream?ticket=68a131e2-d27e-4e10-8f94-0f4b740a8b12:0
[    8237ms] [ERROR] Failed to load resource: the server responded with a status of 401 (Unauthorized) @ http://localhost:8081/notifications/stream?ticket=a16ebd57-a978-4c37-8c4c-f6146d8135e2:0
[    9248ms] [ERROR] Failed to load resource: the server responded with a status of 401 (Unauthorized) @ http://localhost:8081/notifications/stream?ticket=e5051348-b0ea-4fd7-a0b6-dc3c9cc8a8f6:0
[   10261ms] [ERROR] Failed to load resource: the server responded with a status of 401 (Unauthorized) @ http://localhost:8081/notifications/stream?ticket=ad86901a-8532-44a1-b5dc-a79a75c27f52:0
[   11269ms] [ERROR] Failed to load resource: the server responded with a status of 401 (Unauthorized) @ http://localhost:8081/notifications/stream?ticket=a14ff87b-0c19-4bfe-ae73-ff448669644e:0
[   12282ms] [ERROR] Failed to load resource: the server responded with a status of 401 (Unauthorized) @ http://localhost:8081/notifications/stream?ticket=eca576ae-bae6-4f8d-8d1a-0b405dec915e:0
[   13288ms] [ERROR] Failed to load resource: the server responded with a status of 401 (Unauthorized) @ http://localhost:8081/notifications/stream?ticket=0ddada50-348c-4abe-b3c1-4014fab86240:0
[   14297ms] [ERROR] Failed to load resource: the server responded with a status of 401 (Unauthorized) @ http://localhost:8081/notifications/stream?ticket=beec8eb8-19dd-4e5c-8a33-31e831eb32df:0
[   15303ms] [ERROR] Failed to load resource: the server responded with a status of 401 (Unauthorized) @ http://localhost:8081/notifications/stream?ticket=0659f43a-a0bd-425b-862b-cae44f651936:0
[   16311ms] [ERROR] Failed to load resource: the server responded with a status of 401 (Unauthorized) @ http://localhost:8081/notifications/stream?ticket=568262a8-495a-4638-a2c7-bfdf5c95c2a1:0
[   17319ms] [ERROR] Failed to load resource: the server responded with a status of 401 (Unauthorized) @ http://localhost:8081/notifications/stream?ticket=c93aacde-1a64-4e35-9846-6fb0d146c536:0
[   18330ms] [ERROR] Failed to load resource: the server responded with a status of 401 (Unauthorized) @ http://localhost:8081/notifications/stream?ticket=8b63f5fa-f549-4c6f-b0cc-adb89b2e316b:0
[   19338ms] [ERROR] Failed to load resource: the server responded with a status of 401 (Unauthorized) @ http://localhost:8081/notifications/stream?ticket=d3d69b46-188f-462d-bdee-482ae8270b29:0
[   20347ms] [ERROR] Failed to load resource: the server responded with a status of 401 (Unauthorized) @ http://localhost:8081/notifications/stream?ticket=eda42a4c-6f80-4ccc-8b68-e59bbe573421:0
[   21361ms] [ERROR] Failed to load resource: the server responded with a status of 401 (Unauthorized) @ http://localhost:8081/notifications/stream?ticket=28e409f2-baa1-49e6-90e8-a2012abc9cc8:0
[   22370ms] [ERROR] Failed to load resource: the server responded with a status of 401 (Unauthorized) @ http://localhost:8081/notifications/stream?ticket=bb6aef95-f9c9-432e-be81-410100991e3c:0
[   23379ms] [ERROR] Failed to load resource: the server responded with a status of 401 (Unauthorized) @ http://localhost:8081/notifications/stream?ticket=d3012256-d726-41e1-b848-ea05728898eb:0
[   24387ms] [ERROR] Failed to load resource: the server responded with a status of 401 (Unauthorized) @ http://localhost:8081/notifications/stream?ticket=010b0696-3b13-4d60-8c14-83ba1a1d6fc3:0
[   25397ms] [ERROR] Failed to load resource: the server responded with a status of 401 (Unauthorized) @ http://localhost:8081/notifications/stream?ticket=2090824f-2386-41d6-a9e7-fe7e318449d9:0
[   26405ms] [ERROR] Failed to load resource: the server responded with a status of 401 (Unauthorized) @ http://localhost:8081/notifications/stream?ticket=6c7b3e5c-93a5-4e76-9dec-3ef27e45b25a:0
[   27413ms] [ERROR] Failed to load resource: the server responded with a status of 401 (Unauthorized) @ http://localhost:8081/notifications/stream?ticket=b76e0ebb-3f2c-4cff-9e33-72c7421b4ec2:0
[   28425ms] [ERROR] Failed to load resource: the server responded with a status of 401 (Unauthorized) @ http://localhost:8081/notifications/stream?ticket=d58c1fba-1037-4aa5-831b-d12b682abfff:0
[   29432ms] [ERROR] Failed to load resource: the server responded with a status of 401 (Unauthorized) @ http://localhost:8081/notifications/stream?ticket=b4b23880-38f1-4709-8d4f-43a5c95c1e70:0
[   30445ms] [ERROR] Failed to load resource: the server responded with a status of 401 (Unauthorized) @ http://localhost:8081/notifications/stream?ticket=4025efbf-d379-455b-8515-18cb610cb6ae:0
[   31459ms] [ERROR] Failed to load resource: the server responded with a status of 401 (Unauthorized) @ http://localhost:8081/notifications/stream?ticket=bc000625-3746-4b08-ab52-9258346c4b4a:0
[   32465ms] [ERROR] Failed to load resource: the server responded with a status of 401 (Unauthorized) @ http://localhost:8081/notifications/stream?ticket=b3afa067-0185-401a-a89b-f07af453f7f0:0
[   33478ms] [ERROR] Failed to load resource: the server responded with a status of 401 (Unauthorized) @ http://localhost:8081/notifications/stream?ticket=9fc83bb8-8c77-4dcd-8076-740f1f9b65d5:0
[   34493ms] [ERROR] Failed to load resource: the server responded with a status of 401 (Unauthorized) @ http://localhost:8081/notifications/stream?ticket=b26f3d23-86dd-4fba-8640-25a915e13b38:0
[   35504ms] [ERROR] Failed to load resource: the server responded with a status of 401 (Unauthorized) @ http://localhost:8081/notifications/stream?ticket=a3a150f0-c517-4bd2-9663-9b16056b6ee0:0
[   36518ms] [ERROR] Failed to load resource: the server responded with a status of 401 (Unauthorized) @ http://localhost:8081/notifications/stream?ticket=89945ed0-2c99-46b0-ad4b-7e95fda796c6:0
[   37533ms] [ERROR] Failed to load resource: the server responded with a status of 401 (Unauthorized) @ http://localhost:8081/notifications/stream?ticket=c937cd28-6d92-4e51-bad2-7e6f8a58549e:0
[   38546ms] [ERROR] Failed to load resource: the server responded with a status of 401 (Unauthorized) @ http://localhost:8081/notifications/stream?ticket=4020d124-3610-4182-95cd-e18c7f8b4843:0
[   39561ms] [ERROR] Failed to load resource: the server responded with a status of 401 (Unauthorized) @ http://localhost:8081/notifications/stream?ticket=286ceea1-d263-40e1-9f3b-0976bee82975:0
[   40572ms] [ERROR] Failed to load resource: the server responded with a status of 401 (Unauthorized) @ http://localhost:8081/notifications/stream?ticket=c360168a-0172-4567-8303-9ed0edcd1a47:0
[   41583ms] [ERROR] Failed to load resource: the server responded with a status of 401 (Unauthorized) @ http://localhost:8081/notifications/stream?ticket=60e9eb4d-fd3a-4f0d-9aa7-0e913ec4367c:0
[   42598ms] [ERROR] Failed to load resource: the server responded with a status of 401 (Unauthorized) @ http://localhost:8081/notifications/stream?ticket=9ff3fa01-7caf-48a9-a4a6-5421c9742ead:0
[   43608ms] [ERROR] Failed to load resource: the server responded with a status of 401 (Unauthorized) @ http://localhost:8081/notifications/stream?ticket=788ae74f-fc90-49a5-a159-3bad12ed7ebf:0
[   44631ms] [ERROR] Failed to load resource: the server responded with a status of 401 (Unauthorized) @ http://localhost:8081/notifications/stream?ticket=d84e3d56-5b95-47b2-9474-c962a057b289:0
[   45642ms] [ERROR] Failed to load resource: the server responded with a status of 401 (Unauthorized) @ http://localhost:8081/notifications/stream?ticket=0b8ce21c-b7c1-4345-b4dc-8e9f240bb43b:0
[   46661ms] [ERROR] Failed to load resource: the server responded with a status of 401 (Unauthorized) @ http://localhost:8081/notifications/stream?ticket=917c29c8-de59-43c7-9176-b571a98ca779:0
