[     101ms] [ERROR] Failed to load resource: net::ERR_CONNECTION_REFUSED @ http://localhost:5177/remoteEntry.js:0
[     212ms] [ERROR] Failed to load resource: the server responded with a status of 401 (Unauthorized) @ http://localhost:8081/notifications/stream?ticket=6b3d7995-7968-4cd6-9fec-f5950b28ceb7:0
[    1228ms] [ERROR] Failed to load resource: the server responded with a status of 401 (Unauthorized) @ http://localhost:8081/notifications/stream?ticket=d214d874-c7d1-4367-be01-0c33e45dd412:0
[    2246ms] [ERROR] Failed to load resource: the server responded with a status of 401 (Unauthorized) @ http://localhost:8081/notifications/stream?ticket=58643cd0-f9ce-4441-9a8d-c28859eb4dc1:0
[    3261ms] [ERROR] Failed to load resource: the server responded with a status of 401 (Unauthorized) @ http://localhost:8081/notifications/stream?ticket=40a10da8-18e2-4c59-ae69-6afa098fb803:0
[    4270ms] [ERROR] Failed to load resource: the server responded with a status of 401 (Unauthorized) @ http://localhost:8081/notifications/stream?ticket=72b553aa-0274-4554-a85c-b1be0b12de6f:0
[    5279ms] [ERROR] Failed to load resource: the server responded with a status of 401 (Unauthorized) @ http://localhost:8081/notifications/stream?ticket=dc6a4820-d673-4020-82ec-6f64d6fe0b90:0
[    6293ms] [ERROR] Failed to load resource: the server responded with a status of 401 (Unauthorized) @ http://localhost:8081/notifications/stream?ticket=8b0f3c50-3f6b-41a1-85bd-405fc41dafc4:0
[    7304ms] [ERROR] Failed to load resource: the server responded with a status of 401 (Unauthorized) @ http://localhost:8081/notifications/stream?ticket=ff4daf61-602b-491c-8a2c-c847a8b6df69:0
[    8314ms] [ERROR] Failed to load resource: the server responded with a status of 401 (Unauthorized) @ http://localhost:8081/notifications/stream?ticket=a779af69-5405-41d1-86fa-d16a9878c12a:0
[    9334ms] [ERROR] Failed to load resource: the server responded with a status of 401 (Unauthorized) @ http://localhost:8081/notifications/stream?ticket=f91acacf-d08e-4062-bddc-eae82a368d6f:0
[   10343ms] [ERROR] Failed to load resource: the server responded with a status of 401 (Unauthorized) @ http://localhost:8081/notifications/stream?ticket=55d728f7-82e7-45ce-850f-3473c7282147:0
[   11359ms] [ERROR] Failed to load resource: the server responded with a status of 401 (Unauthorized) @ http://localhost:8081/notifications/stream?ticket=9ccafd16-fc67-42d4-a464-6e6c6740e7b9:0
[   12367ms] [ERROR] Failed to load resource: the server responded with a status of 401 (Unauthorized) @ http://localhost:8081/notifications/stream?ticket=747e69d0-ea72-4ce5-a5a1-22f8da2024c6:0
[   13378ms] [ERROR] Failed to load resource: the server responded with a status of 401 (Unauthorized) @ http://localhost:8081/notifications/stream?ticket=7f677190-5f41-423d-af0e-f991c36ec4f2:0
[   14394ms] [ERROR] Failed to load resource: the server responded with a status of 401 (Unauthorized) @ http://localhost:8081/notifications/stream?ticket=0b536f3c-3173-4e03-8f7b-ce8b335ff64a:0
[   15410ms] [ERROR] Failed to load resource: the server responded with a status of 401 (Unauthorized) @ http://localhost:8081/notifications/stream?ticket=127bc602-dd42-485d-bc4a-08d2509da647:0
[   16419ms] [ERROR] Failed to load resource: the server responded with a status of 401 (Unauthorized) @ http://localhost:8081/notifications/stream?ticket=252c1453-569e-4f5f-b262-1dd6372c2fe5:0
[   17431ms] [ERROR] Failed to load resource: the server responded with a status of 401 (Unauthorized) @ http://localhost:8081/notifications/stream?ticket=76477741-6019-4f7b-9e42-2b90268bbd69:0
[   18446ms] [ERROR] Failed to load resource: the server responded with a status of 401 (Unauthorized) @ http://localhost:8081/notifications/stream?ticket=84379924-ad54-4dc4-a870-77575443a7bf:0
[   19460ms] [ERROR] Failed to load resource: the server responded with a status of 401 (Unauthorized) @ http://localhost:8081/notifications/stream?ticket=3e87400e-84ee-4ce1-abb2-a592d132ddcc:0
[   20470ms] [ERROR] Failed to load resource: the server responded with a status of 401 (Unauthorized) @ http://localhost:8081/notifications/stream?ticket=7f5e21c2-0d44-4bee-beaa-1e9d1ad79487:0
[   21482ms] [ERROR] Failed to load resource: the server responded with a status of 401 (Unauthorized) @ http://localhost:8081/notifications/stream?ticket=595f5dac-be5d-44b0-9561-3cf83d4b2acc:0
[   22497ms] [ERROR] Failed to load resource: the server responded with a status of 401 (Unauthorized) @ http://localhost:8081/notifications/stream?ticket=6a5cc43e-7dcc-4c66-847f-f2fb0c47d4a0:0
[   23511ms] [ERROR] Failed to load resource: the server responded with a status of 401 (Unauthorized) @ http://localhost:8081/notifications/stream?ticket=d46b8283-5b02-4627-a5ca-fa74cc6db831:0
[   24526ms] [ERROR] Failed to load resource: the server responded with a status of 401 (Unauthorized) @ http://localhost:8081/notifications/stream?ticket=bdc52e96-3398-4817-8a4b-94e4a8a859e3:0
[   25535ms] [ERROR] Failed to load resource: the server responded with a status of 401 (Unauthorized) @ http://localhost:8081/notifications/stream?ticket=21a713e6-47de-470d-b51a-03e1bef210ac:0
[   26546ms] [ERROR] Failed to load resource: the server responded with a status of 401 (Unauthorized) @ http://localhost:8081/notifications/stream?ticket=a88e0a6d-100e-4b6b-a8cf-30a8dd131a77:0
