[     101ms] [ERROR] Failed to load resource: net::ERR_CONNECTION_REFUSED @ http://localhost:5177/remoteEntry.js:0
[     219ms] [ERROR] Failed to load resource: the server responded with a status of 401 (Unauthorized) @ http://localhost:8081/notifications/stream?ticket=c17ed3f7-1d49-4a23-aedb-063136d5c384:0
[    1230ms] [ERROR] Failed to load resource: the server responded with a status of 401 (Unauthorized) @ http://localhost:8081/notifications/stream?ticket=a2f6143c-179f-4325-9076-add9a90b289c:0
[    2243ms] [ERROR] Failed to load resource: the server responded with a status of 401 (Unauthorized) @ http://localhost:8081/notifications/stream?ticket=11a3341f-c87a-4401-bd4a-2c842e98cb26:0
[    3255ms] [ERROR] Failed to load resource: the server responded with a status of 401 (Unauthorized) @ http://localhost:8081/notifications/stream?ticket=2c123e93-3886-4633-8c94-18da2a127a38:0
[    4270ms] [ERROR] Failed to load resource: the server responded with a status of 401 (Unauthorized) @ http://localhost:8081/notifications/stream?ticket=01eb1a07-38c2-4f93-aec9-62ada7c031a1:0
[    5288ms] [ERROR] Failed to load resource: the server responded with a status of 401 (Unauthorized) @ http://localhost:8081/notifications/stream?ticket=b3e4d4c4-dae2-4114-a918-16dd7d89b415:0
[    6301ms] [ERROR] Failed to load resource: the server responded with a status of 401 (Unauthorized) @ http://localhost:8081/notifications/stream?ticket=d286be86-dcc9-476c-b22a-a805773e194b:0
[    7316ms] [ERROR] Failed to load resource: the server responded with a status of 401 (Unauthorized) @ http://localhost:8081/notifications/stream?ticket=fca3a83d-6300-4f62-9594-678910c68b16:0
[    8327ms] [ERROR] Failed to load resource: the server responded with a status of 401 (Unauthorized) @ http://localhost:8081/notifications/stream?ticket=55e3d782-bd93-47b0-bf65-002597786aa3:0
[    9338ms] [ERROR] Failed to load resource: the server responded with a status of 401 (Unauthorized) @ http://localhost:8081/notifications/stream?ticket=a1bdbcd7-b1f1-44ed-b15c-995b9a75a96a:0
[   10346ms] [ERROR] Failed to load resource: the server responded with a status of 401 (Unauthorized) @ http://localhost:8081/notifications/stream?ticket=5fd3df06-e9bd-4630-bd9f-396712c76527:0
[   11358ms] [ERROR] Failed to load resource: the server responded with a status of 401 (Unauthorized) @ http://localhost:8081/notifications/stream?ticket=8013235c-5391-4d90-9b6e-878c01cb11a0:0
[   12373ms] [ERROR] Failed to load resource: the server responded with a status of 401 (Unauthorized) @ http://localhost:8081/notifications/stream?ticket=e1c489ce-1c04-4f39-a165-99f2021e5768:0
[   13388ms] [ERROR] Failed to load resource: the server responded with a status of 401 (Unauthorized) @ http://localhost:8081/notifications/stream?ticket=67fa5cce-1beb-4a49-9a6a-056d52b1e078:0
[   14403ms] [ERROR] Failed to load resource: the server responded with a status of 401 (Unauthorized) @ http://localhost:8081/notifications/stream?ticket=97074317-418f-4aaa-86cf-af9e1651fe1a:0
[   15420ms] [ERROR] Failed to load resource: the server responded with a status of 401 (Unauthorized) @ http://localhost:8081/notifications/stream?ticket=0901f941-4219-40d6-a539-f0167fac91cf:0
[   16440ms] [ERROR] Failed to load resource: the server responded with a status of 401 (Unauthorized) @ http://localhost:8081/notifications/stream?ticket=4352728e-8725-407a-9c97-0404045c435d:0
[   17454ms] [ERROR] Failed to load resource: the server responded with a status of 401 (Unauthorized) @ http://localhost:8081/notifications/stream?ticket=f3719484-215a-4af2-aabb-a807d5e830cb:0
[   18462ms] [ERROR] Failed to load resource: the server responded with a status of 401 (Unauthorized) @ http://localhost:8081/notifications/stream?ticket=74abc1e5-7ffe-444b-9add-8e98f39fe2e9:0
[   19475ms] [ERROR] Failed to load resource: the server responded with a status of 401 (Unauthorized) @ http://localhost:8081/notifications/stream?ticket=c8e0309c-6006-4501-9726-ab8bfb894289:0
[   20486ms] [ERROR] Failed to load resource: the server responded with a status of 401 (Unauthorized) @ http://localhost:8081/notifications/stream?ticket=1e951932-53d4-4cfa-997e-99a4a71ac781:0
[   21504ms] [ERROR] Failed to load resource: the server responded with a status of 401 (Unauthorized) @ http://localhost:8081/notifications/stream?ticket=0c622801-3271-4cbd-95da-e765e3eeb806:0
[   22513ms] [ERROR] Failed to load resource: the server responded with a status of 401 (Unauthorized) @ http://localhost:8081/notifications/stream?ticket=faa60560-e37c-4957-a252-1b3715eef90d:0
[   23523ms] [ERROR] Failed to load resource: the server responded with a status of 401 (Unauthorized) @ http://localhost:8081/notifications/stream?ticket=7765e855-6321-4c85-a7a2-832a4e52e5f9:0
[   24534ms] [ERROR] Failed to load resource: the server responded with a status of 401 (Unauthorized) @ http://localhost:8081/notifications/stream?ticket=a238f576-5a11-4567-9b0b-12006127c36b:0
[   25548ms] [ERROR] Failed to load resource: the server responded with a status of 401 (Unauthorized) @ http://localhost:8081/notifications/stream?ticket=4b3ad56d-231f-4d3c-821c-43a6f314c4d8:0
[   26560ms] [ERROR] Failed to load resource: the server responded with a status of 401 (Unauthorized) @ http://localhost:8081/notifications/stream?ticket=e6e74a2b-78d2-4c69-b172-9acd2434ca5a:0
[   27569ms] [ERROR] Failed to load resource: the server responded with a status of 401 (Unauthorized) @ http://localhost:8081/notifications/stream?ticket=31aa704b-c5ac-468c-8312-5badf30919b8:0
[   28583ms] [ERROR] Failed to load resource: the server responded with a status of 401 (Unauthorized) @ http://localhost:8081/notifications/stream?ticket=ce62754f-3863-4079-806b-73012b7c208a:0
[   29590ms] [ERROR] Failed to load resource: the server responded with a status of 401 (Unauthorized) @ http://localhost:8081/notifications/stream?ticket=fbb55aa7-9fc0-4fad-a74d-30a8d35a38f5:0
[   30602ms] [ERROR] Failed to load resource: the server responded with a status of 401 (Unauthorized) @ http://localhost:8081/notifications/stream?ticket=9b8b66bb-0488-45af-a2b9-fb0760313dbb:0
[   31616ms] [ERROR] Failed to load resource: the server responded with a status of 401 (Unauthorized) @ http://localhost:8081/notifications/stream?ticket=0da4ff3c-1ebb-4fb8-8b48-f637bf878690:0
[   32641ms] [ERROR] Failed to load resource: the server responded with a status of 401 (Unauthorized) @ http://localhost:8081/notifications/stream?ticket=ddaf944e-2dfa-4666-bba7-10c25a2c9d2d:0
[   33650ms] [ERROR] Failed to load resource: the server responded with a status of 401 (Unauthorized) @ http://localhost:8081/notifications/stream?ticket=f61e91a4-0f2f-4eb3-84ce-b5eff070b817:0
[   34661ms] [ERROR] Failed to load resource: the server responded with a status of 401 (Unauthorized) @ http://localhost:8081/notifications/stream?ticket=df5469b8-08fa-4aa1-a48f-c8cf1bbf7416:0
[   35670ms] [ERROR] Failed to load resource: the server responded with a status of 401 (Unauthorized) @ http://localhost:8081/notifications/stream?ticket=fe37056d-e66f-485b-8e14-6323c75d7e70:0
[   36684ms] [ERROR] Failed to load resource: the server responded with a status of 401 (Unauthorized) @ http://localhost:8081/notifications/stream?ticket=212ffa31-352b-45f9-8e6e-4200923ec3a6:0
[   37694ms] [ERROR] Failed to load resource: the server responded with a status of 401 (Unauthorized) @ http://localhost:8081/notifications/stream?ticket=43bbb4e0-8c81-44a7-91af-ae92f3f3ffce:0
[   38704ms] [ERROR] Failed to load resource: the server responded with a status of 401 (Unauthorized) @ http://localhost:8081/notifications/stream?ticket=75c39157-f4a2-4a08-a71b-39c76830cf56:0
[   39724ms] [ERROR] Failed to load resource: the server responded with a status of 401 (Unauthorized) @ http://localhost:8081/notifications/stream?ticket=817b7b9d-81eb-4157-913e-7a9f4dca0745:0
[   40734ms] [ERROR] Failed to load resource: the server responded with a status of 401 (Unauthorized) @ http://localhost:8081/notifications/stream?ticket=ae5fdbaf-1ec4-49c7-9cd6-3210984856e2:0
[   41749ms] [ERROR] Failed to load resource: the server responded with a status of 401 (Unauthorized) @ http://localhost:8081/notifications/stream?ticket=47ac1f34-0cba-43ac-9cc1-56bfce49a8ba:0
[   42760ms] [ERROR] Failed to load resource: the server responded with a status of 401 (Unauthorized) @ http://localhost:8081/notifications/stream?ticket=3ee91132-f318-4104-a6e7-eab5861f54e3:0
[   43772ms] [ERROR] Failed to load resource: the server responded with a status of 401 (Unauthorized) @ http://localhost:8081/notifications/stream?ticket=134064b3-65b4-4843-b84b-b77257983eb1:0
[   44791ms] [ERROR] Failed to load resource: the server responded with a status of 401 (Unauthorized) @ http://localhost:8081/notifications/stream?ticket=0d3ab226-dfc0-46cc-81e9-c03318908cb3:0
[   45803ms] [ERROR] Failed to load resource: the server responded with a status of 401 (Unauthorized) @ http://localhost:8081/notifications/stream?ticket=adcd1d69-5338-4ce3-8873-45031a7b1068:0
[   46819ms] [ERROR] Failed to load resource: the server responded with a status of 401 (Unauthorized) @ http://localhost:8081/notifications/stream?ticket=7e1eafc8-273f-4349-9a3c-5afdae282957:0
[   47832ms] [ERROR] Failed to load resource: the server responded with a status of 401 (Unauthorized) @ http://localhost:8081/notifications/stream?ticket=cc0f9fba-70bb-43a2-905e-094185d05386:0
[   48843ms] [ERROR] Failed to load resource: the server responded with a status of 401 (Unauthorized) @ http://localhost:8081/notifications/stream?ticket=a1302ff1-f20d-45d8-8633-fdf4eb60bc8b:0
[   49854ms] [ERROR] Failed to load resource: the server responded with a status of 401 (Unauthorized) @ http://localhost:8081/notifications/stream?ticket=4ec62e70-7853-43e6-acd9-042d2ee7e067:0
[   50871ms] [ERROR] Failed to load resource: the server responded with a status of 401 (Unauthorized) @ http://localhost:8081/notifications/stream?ticket=51920f82-3cc1-4e0f-9a6c-e2ffd9d81ad9:0
[   51888ms] [ERROR] Failed to load resource: the server responded with a status of 401 (Unauthorized) @ http://localhost:8081/notifications/stream?ticket=e54e3819-58cd-48da-8262-d5bfe362023d:0
[   52900ms] [ERROR] Failed to load resource: the server responded with a status of 401 (Unauthorized) @ http://localhost:8081/notifications/stream?ticket=357d93d5-8251-4f99-8a65-f15ea630cd5e:0
[   53916ms] [ERROR] Failed to load resource: the server responded with a status of 401 (Unauthorized) @ http://localhost:8081/notifications/stream?ticket=84efad79-ba8b-4613-86b1-225fee23d8db:0
[   54927ms] [ERROR] Failed to load resource: the server responded with a status of 401 (Unauthorized) @ http://localhost:8081/notifications/stream?ticket=0648ddcd-5729-44e8-b430-3d1137da326a:0
[   55941ms] [ERROR] Failed to load resource: the server responded with a status of 401 (Unauthorized) @ http://localhost:8081/notifications/stream?ticket=ebec6f92-1f11-48a3-8938-67651c879fc8:0
[   56954ms] [ERROR] Failed to load resource: the server responded with a status of 401 (Unauthorized) @ http://localhost:8081/notifications/stream?ticket=1cce2f64-63d8-4679-89a7-bec6950fcbbc:0
[   57965ms] [ERROR] Failed to load resource: the server responded with a status of 401 (Unauthorized) @ http://localhost:8081/notifications/stream?ticket=380ff87e-ff8b-4c60-ba87-f094d9a596ee:0
[   58976ms] [ERROR] Failed to load resource: the server responded with a status of 401 (Unauthorized) @ http://localhost:8081/notifications/stream?ticket=d8a93a65-4007-4849-8e56-7af55035cb62:0
[   59988ms] [ERROR] Failed to load resource: the server responded with a status of 401 (Unauthorized) @ http://localhost:8081/notifications/stream?ticket=a07ba003-7049-418f-b93d-0387cbf20a7d:0
[   61003ms] [ERROR] Failed to load resource: the server responded with a status of 401 (Unauthorized) @ http://localhost:8081/notifications/stream?ticket=2fa660d9-ec5c-4c5d-9d06-89a641114166:0
[   62015ms] [ERROR] Failed to load resource: the server responded with a status of 401 (Unauthorized) @ http://localhost:8081/notifications/stream?ticket=8949a8f5-98ae-4fae-9aa6-c392fce8219b:0
[   63028ms] [ERROR] Failed to load resource: the server responded with a status of 401 (Unauthorized) @ http://localhost:8081/notifications/stream?ticket=7835755a-e0e1-4a81-bed8-0a36a7ea839d:0
[   64039ms] [ERROR] Failed to load resource: the server responded with a status of 401 (Unauthorized) @ http://localhost:8081/notifications/stream?ticket=184b668d-27bb-4ffd-aaa1-c6565c9051fd:0
[   65045ms] [ERROR] Failed to load resource: the server responded with a status of 401 (Unauthorized) @ http://localhost:8081/notifications/stream?ticket=743c0796-ac81-4fc0-a02b-a24c0eeda634:0
[   66058ms] [ERROR] Failed to load resource: the server responded with a status of 401 (Unauthorized) @ http://localhost:8081/notifications/stream?ticket=54a6bc81-ef1b-4b4a-9037-3d71bfbf307a:0
[   67067ms] [ERROR] Failed to load resource: the server responded with a status of 401 (Unauthorized) @ http://localhost:8081/notifications/stream?ticket=911f9376-2115-4e6e-b8ad-558fe7e52e48:0
[   68075ms] [ERROR] Failed to load resource: the server responded with a status of 401 (Unauthorized) @ http://localhost:8081/notifications/stream?ticket=fd2bf03f-37e0-4e5b-903c-40b4545d35e1:0
[   69086ms] [ERROR] Failed to load resource: the server responded with a status of 401 (Unauthorized) @ http://localhost:8081/notifications/stream?ticket=dc765989-1ad0-4f81-9e5b-4b85522bc25f:0
[   70098ms] [ERROR] Failed to load resource: the server responded with a status of 401 (Unauthorized) @ http://localhost:8081/notifications/stream?ticket=74d4990d-39bf-4ff8-8766-c057d0b3f330:0
[   71112ms] [ERROR] Failed to load resource: the server responded with a status of 401 (Unauthorized) @ http://localhost:8081/notifications/stream?ticket=b4019890-3044-47e0-8912-b59b0dd3e604:0
[   72120ms] [ERROR] Failed to load resource: the server responded with a status of 401 (Unauthorized) @ http://localhost:8081/notifications/stream?ticket=b2148b12-560a-4c81-a532-3f923cfc31a5:0
[   73133ms] [ERROR] Failed to load resource: the server responded with a status of 401 (Unauthorized) @ http://localhost:8081/notifications/stream?ticket=676ed4ca-ec06-4ba3-a463-f9f193412739:0
[   74149ms] [ERROR] Failed to load resource: the server responded with a status of 401 (Unauthorized) @ http://localhost:8081/notifications/stream?ticket=932b62aa-e561-48a7-8dce-ed3080ce55d2:0
[   75158ms] [ERROR] Failed to load resource: the server responded with a status of 401 (Unauthorized) @ http://localhost:8081/notifications/stream?ticket=b788e9e3-01ea-4c02-b331-5977b2fa0d04:0
[   76173ms] [ERROR] Failed to load resource: the server responded with a status of 401 (Unauthorized) @ http://localhost:8081/notifications/stream?ticket=0e671aca-3ce6-4865-8422-72c28a0ec8f3:0
[   77183ms] [ERROR] Failed to load resource: the server responded with a status of 401 (Unauthorized) @ http://localhost:8081/notifications/stream?ticket=2b059f19-9c79-4afe-a9fe-b6b5c645d7aa:0
[   78200ms] [ERROR] Failed to load resource: the server responded with a status of 401 (Unauthorized) @ http://localhost:8081/notifications/stream?ticket=9ca262c9-6827-4c30-b022-6bce91e3c96e:0
[   79210ms] [ERROR] Failed to load resource: the server responded with a status of 401 (Unauthorized) @ http://localhost:8081/notifications/stream?ticket=29652dbc-7206-46e2-9bd4-538a12feb31b:0
[   80221ms] [ERROR] Failed to load resource: the server responded with a status of 401 (Unauthorized) @ http://localhost:8081/notifications/stream?ticket=0ef0042e-a906-4872-9f72-5e170aea0ea1:0
[   81233ms] [ERROR] Failed to load resource: the server responded with a status of 401 (Unauthorized) @ http://localhost:8081/notifications/stream?ticket=ae95cac4-8a3f-489b-ac4c-cb4e7aa61989:0
[   82250ms] [ERROR] Failed to load resource: the server responded with a status of 401 (Unauthorized) @ http://localhost:8081/notifications/stream?ticket=ba59ece7-b963-4665-a3e4-e3c10bc4caf3:0
[   83264ms] [ERROR] Failed to load resource: the server responded with a status of 401 (Unauthorized) @ http://localhost:8081/notifications/stream?ticket=b2d95d71-504c-4b5d-8c03-cff998ecd52a:0
[   84273ms] [ERROR] Failed to load resource: the server responded with a status of 401 (Unauthorized) @ http://localhost:8081/notifications/stream?ticket=699ce1e4-13eb-4fa7-b15d-59ae7299dbc0:0
[   85286ms] [ERROR] Failed to load resource: the server responded with a status of 401 (Unauthorized) @ http://localhost:8081/notifications/stream?ticket=b57153e5-8da5-4ee8-9c29-ff0a546fde9b:0
[   86294ms] [ERROR] Failed to load resource: the server responded with a status of 401 (Unauthorized) @ http://localhost:8081/notifications/stream?ticket=0f6b35a3-b484-482c-b47a-ceffa3afdaba:0
[   87306ms] [ERROR] Failed to load resource: the server responded with a status of 401 (Unauthorized) @ http://localhost:8081/notifications/stream?ticket=1148c496-4f6b-4a91-a52b-c23d8c12a4d7:0
[   88318ms] [ERROR] Failed to load resource: the server responded with a status of 401 (Unauthorized) @ http://localhost:8081/notifications/stream?ticket=e51242b0-6261-413c-9877-501f008adc15:0
[   89326ms] [ERROR] Failed to load resource: the server responded with a status of 401 (Unauthorized) @ http://localhost:8081/notifications/stream?ticket=ee4cb085-84f8-406e-ba82-7b81a790dd9a:0
[   90335ms] [ERROR] Failed to load resource: the server responded with a status of 401 (Unauthorized) @ http://localhost:8081/notifications/stream?ticket=9b0d8963-5181-4a3f-a4de-424996900aa7:0
[   91345ms] [ERROR] Failed to load resource: the server responded with a status of 401 (Unauthorized) @ http://localhost:8081/notifications/stream?ticket=e3842e5d-409b-4c38-9bc3-0a1b461d8e94:0
[   92355ms] [ERROR] Failed to load resource: the server responded with a status of 401 (Unauthorized) @ http://localhost:8081/notifications/stream?ticket=4579653a-8d88-4b26-b973-a650485466d6:0
[   93367ms] [ERROR] Failed to load resource: the server responded with a status of 401 (Unauthorized) @ http://localhost:8081/notifications/stream?ticket=1020080a-0ff7-46d5-b349-76ff3aaacfad:0
[   94376ms] [ERROR] Failed to load resource: the server responded with a status of 401 (Unauthorized) @ http://localhost:8081/notifications/stream?ticket=1f8f9aa6-0cde-421f-85ab-97a0554b675d:0
[   95384ms] [ERROR] Failed to load resource: the server responded with a status of 401 (Unauthorized) @ http://localhost:8081/notifications/stream?ticket=556f6ffe-3094-4b31-b884-423f1962bf1d:0
[   96394ms] [ERROR] Failed to load resource: the server responded with a status of 401 (Unauthorized) @ http://localhost:8081/notifications/stream?ticket=c3e4a3a7-6df5-46f9-bd07-3b8a87072926:0
[   97405ms] [ERROR] Failed to load resource: the server responded with a status of 401 (Unauthorized) @ http://localhost:8081/notifications/stream?ticket=9c853227-f729-45fc-a289-87e14166d3a2:0
[   98417ms] [ERROR] Failed to load resource: the server responded with a status of 401 (Unauthorized) @ http://localhost:8081/notifications/stream?ticket=a6d9627d-3b05-433b-9487-af3d1374a402:0
[   99433ms] [ERROR] Failed to load resource: the server responded with a status of 401 (Unauthorized) @ http://localhost:8081/notifications/stream?ticket=49a9c627-9d97-4cca-a077-b44714b45113:0
[  100442ms] [ERROR] Failed to load resource: the server responded with a status of 401 (Unauthorized) @ http://localhost:8081/notifications/stream?ticket=b3ea9ce2-f172-41f7-8ef9-a9c2f2b99555:0
[  101456ms] [ERROR] Failed to load resource: the server responded with a status of 401 (Unauthorized) @ http://localhost:8081/notifications/stream?ticket=5c511a39-0b21-4a41-9807-29753ec20dee:0
[  102473ms] [ERROR] Failed to load resource: the server responded with a status of 401 (Unauthorized) @ http://localhost:8081/notifications/stream?ticket=3f74fc4f-31e4-47dd-9c36-1f485bb928e5:0
[  103488ms] [ERROR] Failed to load resource: the server responded with a status of 401 (Unauthorized) @ http://localhost:8081/notifications/stream?ticket=dc7c4d65-00aa-4fb0-9321-d61fbe79a59c:0
[  104501ms] [ERROR] Failed to load resource: the server responded with a status of 401 (Unauthorized) @ http://localhost:8081/notifications/stream?ticket=b375beab-9aea-4284-a6a7-f2f5178d7627:0
[  105516ms] [ERROR] Failed to load resource: the server responded with a status of 401 (Unauthorized) @ http://localhost:8081/notifications/stream?ticket=9ff9eae9-53b1-4c98-a1d2-2f49f9054043:0
[  106526ms] [ERROR] Failed to load resource: the server responded with a status of 401 (Unauthorized) @ http://localhost:8081/notifications/stream?ticket=979976ed-1ddb-4c15-9571-2cff1926a522:0
[  107539ms] [ERROR] Failed to load resource: the server responded with a status of 401 (Unauthorized) @ http://localhost:8081/notifications/stream?ticket=642ab990-d77f-475c-b9e1-f0f5aa0ee9b6:0
[  108548ms] [ERROR] Failed to load resource: the server responded with a status of 401 (Unauthorized) @ http://localhost:8081/notifications/stream?ticket=bc2656a1-c311-4eb8-9c9f-4d46b9191a06:0
[  109559ms] [ERROR] Failed to load resource: the server responded with a status of 401 (Unauthorized) @ http://localhost:8081/notifications/stream?ticket=8e6fd29a-a3aa-4be0-b870-51385d7bf632:0
[  110572ms] [ERROR] Failed to load resource: the server responded with a status of 401 (Unauthorized) @ http://localhost:8081/notifications/stream?ticket=3aea8aa4-7b54-44ff-931b-e4ac9cd1f628:0
[  111587ms] [ERROR] Failed to load resource: the server responded with a status of 401 (Unauthorized) @ http://localhost:8081/notifications/stream?ticket=8e0d4642-2ec1-49df-9b4a-975470dba3e7:0
[  112600ms] [ERROR] Failed to load resource: the server responded with a status of 401 (Unauthorized) @ http://localhost:8081/notifications/stream?ticket=2c83576e-13bd-4121-bf91-79d75706215f:0
[  113619ms] [ERROR] Failed to load resource: the server responded with a status of 401 (Unauthorized) @ http://localhost:8081/notifications/stream?ticket=115678cb-bdd7-4a41-ac77-1e23d2ebd3af:0
[  114632ms] [ERROR] Failed to load resource: the server responded with a status of 401 (Unauthorized) @ http://localhost:8081/notifications/stream?ticket=7ec552f6-0055-45f1-acf2-c2ec97338c88:0
[  115642ms] [ERROR] Failed to load resource: the server responded with a status of 401 (Unauthorized) @ http://localhost:8081/notifications/stream?ticket=adb64b93-e2f4-44da-acc4-74845a3c15b6:0
[  116659ms] [ERROR] Failed to load resource: the server responded with a status of 401 (Unauthorized) @ http://localhost:8081/notifications/stream?ticket=ffc6bdd9-1c21-437b-a69a-5ead3560cfc3:0
[  117669ms] [ERROR] Failed to load resource: the server responded with a status of 401 (Unauthorized) @ http://localhost:8081/notifications/stream?ticket=aa118567-60d8-4acd-bbe4-b0f47d1a7739:0
[  118688ms] [ERROR] Failed to load resource: the server responded with a status of 401 (Unauthorized) @ http://localhost:8081/notifications/stream?ticket=6a172f21-29ae-4117-bfe0-9f59e603d454:0
[  119701ms] [ERROR] Failed to load resource: the server responded with a status of 401 (Unauthorized) @ http://localhost:8081/notifications/stream?ticket=0cc7c7ea-672b-4223-8fc5-11bee61a4100:0
[  120717ms] [ERROR] Failed to load resource: the server responded with a status of 401 (Unauthorized) @ http://localhost:8081/notifications/stream?ticket=9b172a3f-83a9-4761-8ecf-362d086a7e65:0
[  121733ms] [ERROR] Failed to load resource: the server responded with a status of 401 (Unauthorized) @ http://localhost:8081/notifications/stream?ticket=440289b8-ae12-4bf5-a044-13976132ba37:0
[  122751ms] [ERROR] Failed to load resource: the server responded with a status of 401 (Unauthorized) @ http://localhost:8081/notifications/stream?ticket=9a7f0766-a39d-43b6-97af-4f2378f5ec6d:0
[  123768ms] [ERROR] Failed to load resource: the server responded with a status of 401 (Unauthorized) @ http://localhost:8081/notifications/stream?ticket=6ce890c3-a0eb-48e1-b739-1ed9cab7dc52:0
[  124784ms] [ERROR] Failed to load resource: the server responded with a status of 401 (Unauthorized) @ http://localhost:8081/notifications/stream?ticket=bb9f4e58-60bf-4f74-bc2e-f0ef50de6af7:0
[  125797ms] [ERROR] Failed to load resource: the server responded with a status of 401 (Unauthorized) @ http://localhost:8081/notifications/stream?ticket=1c1c333e-f3bc-49ad-91e1-ccb08e1f1b2a:0
[  126808ms] [ERROR] Failed to load resource: the server responded with a status of 401 (Unauthorized) @ http://localhost:8081/notifications/stream?ticket=8484e445-9577-493a-bdfb-b0c1156b83bd:0
[  127819ms] [ERROR] Failed to load resource: the server responded with a status of 401 (Unauthorized) @ http://localhost:8081/notifications/stream?ticket=14238814-3c9e-4b24-b2be-30b502dd7cf5:0
[  128833ms] [ERROR] Failed to load resource: the server responded with a status of 401 (Unauthorized) @ http://localhost:8081/notifications/stream?ticket=c0b7055b-dfd4-4dec-abbb-86d02dc5815b:0
[  129842ms] [ERROR] Failed to load resource: the server responded with a status of 401 (Unauthorized) @ http://localhost:8081/notifications/stream?ticket=f47e59b1-ce3f-4298-8f8d-2876ca0ff249:0
[  130849ms] [ERROR] Failed to load resource: the server responded with a status of 401 (Unauthorized) @ http://localhost:8081/notifications/stream?ticket=a44b465c-6289-4a1c-a4db-adf65762a365:0
[  131864ms] [ERROR] Failed to load resource: the server responded with a status of 401 (Unauthorized) @ http://localhost:8081/notifications/stream?ticket=c33052a6-5b77-4781-ba63-c249f09a631b:0
[  132877ms] [ERROR] Failed to load resource: the server responded with a status of 401 (Unauthorized) @ http://localhost:8081/notifications/stream?ticket=45dc60ff-7467-45ff-a09e-150cce299f57:0
[  133889ms] [ERROR] Failed to load resource: the server responded with a status of 401 (Unauthorized) @ http://localhost:8081/notifications/stream?ticket=910c8d9a-a548-42dd-990f-321904d16360:0
[  134903ms] [ERROR] Failed to load resource: the server responded with a status of 401 (Unauthorized) @ http://localhost:8081/notifications/stream?ticket=f365ea73-a4e3-4005-ba47-a8eec92352aa:0
[  135916ms] [ERROR] Failed to load resource: the server responded with a status of 401 (Unauthorized) @ http://localhost:8081/notifications/stream?ticket=3441878a-47e9-4804-8104-47e618a293c9:0
[  136932ms] [ERROR] Failed to load resource: the server responded with a status of 401 (Unauthorized) @ http://localhost:8081/notifications/stream?ticket=249140ce-ddf9-43ab-bf36-bec1b87395a8:0
[  137941ms] [ERROR] Failed to load resource: the server responded with a status of 401 (Unauthorized) @ http://localhost:8081/notifications/stream?ticket=ff3ba4f6-e4da-4bb0-92e2-3d7ae85ceffd:0
[  138952ms] [ERROR] Failed to load resource: the server responded with a status of 401 (Unauthorized) @ http://localhost:8081/notifications/stream?ticket=b7183839-05c3-4204-850d-10bdf584cede:0
[  139961ms] [ERROR] Failed to load resource: the server responded with a status of 401 (Unauthorized) @ http://localhost:8081/notifications/stream?ticket=58676dc8-7145-4215-8ea0-3a584f19a26e:0
[  140972ms] [ERROR] Failed to load resource: the server responded with a status of 401 (Unauthorized) @ http://localhost:8081/notifications/stream?ticket=af126706-d77c-42f6-902e-d379cb513d63:0
[  141984ms] [ERROR] Failed to load resource: the server responded with a status of 401 (Unauthorized) @ http://localhost:8081/notifications/stream?ticket=69fbf828-ed38-4ba7-bd35-95f87f9c4a3c:0
[  142997ms] [ERROR] Failed to load resource: the server responded with a status of 401 (Unauthorized) @ http://localhost:8081/notifications/stream?ticket=15b20819-7d69-4d1d-a069-89a3a9d9453f:0
[  144007ms] [ERROR] Failed to load resource: the server responded with a status of 401 (Unauthorized) @ http://localhost:8081/notifications/stream?ticket=a8dee858-1c6a-4a5e-bfb8-8e68df90a74c:0
[  145020ms] [ERROR] Failed to load resource: the server responded with a status of 401 (Unauthorized) @ http://localhost:8081/notifications/stream?ticket=c8ad9520-aa9a-4afc-b4f1-fae1936d28dc:0
[  146030ms] [ERROR] Failed to load resource: the server responded with a status of 401 (Unauthorized) @ http://localhost:8081/notifications/stream?ticket=b1be710a-7332-4fae-b796-26de9de84094:0
[  147044ms] [ERROR] Failed to load resource: the server responded with a status of 401 (Unauthorized) @ http://localhost:8081/notifications/stream?ticket=bb00cbd1-ca32-4266-a915-dcc9d1e67bcf:0
[  148056ms] [ERROR] Failed to load resource: the server responded with a status of 401 (Unauthorized) @ http://localhost:8081/notifications/stream?ticket=eabbf721-ffb3-44da-a8bf-0db490f4d76b:0
[  149066ms] [ERROR] Failed to load resource: the server responded with a status of 401 (Unauthorized) @ http://localhost:8081/notifications/stream?ticket=3caf624b-c6ce-4a99-b9ee-705624266cd4:0
[  150076ms] [ERROR] Failed to load resource: the server responded with a status of 401 (Unauthorized) @ http://localhost:8081/notifications/stream?ticket=db1ff9f8-f8de-4cf6-bbe3-17584d599c36:0
[  151084ms] [ERROR] Failed to load resource: the server responded with a status of 401 (Unauthorized) @ http://localhost:8081/notifications/stream?ticket=1ae49e7c-f8b6-47ff-be57-fbcdf05704c4:0
[  152099ms] [ERROR] Failed to load resource: the server responded with a status of 401 (Unauthorized) @ http://localhost:8081/notifications/stream?ticket=b28f5074-6329-4bed-b0b4-87d000b6403f:0
[  153117ms] [ERROR] Failed to load resource: the server responded with a status of 401 (Unauthorized) @ http://localhost:8081/notifications/stream?ticket=2eb36257-b3b4-4b6a-8098-f363b7394181:0
[  154125ms] [ERROR] Failed to load resource: the server responded with a status of 401 (Unauthorized) @ http://localhost:8081/notifications/stream?ticket=2fbb17e8-f3a3-4610-877e-ac39b4c4aa9f:0
[  155138ms] [ERROR] Failed to load resource: the server responded with a status of 401 (Unauthorized) @ http://localhost:8081/notifications/stream?ticket=ceece438-abd7-4d98-adf2-061be9fba85a:0
[  156152ms] [ERROR] Failed to load resource: the server responded with a status of 401 (Unauthorized) @ http://localhost:8081/notifications/stream?ticket=30d494fb-5ab3-4664-961e-0b69cd7c29f1:0
[  157159ms] [ERROR] Failed to load resource: the server responded with a status of 401 (Unauthorized) @ http://localhost:8081/notifications/stream?ticket=145cf3bf-b1b8-4809-8c1c-2ab5ed2e5e54:0
[  158170ms] [ERROR] Failed to load resource: the server responded with a status of 401 (Unauthorized) @ http://localhost:8081/notifications/stream?ticket=9a57fd30-3882-4278-8942-160d673fbcad:0
[  159178ms] [ERROR] Failed to load resource: the server responded with a status of 401 (Unauthorized) @ http://localhost:8081/notifications/stream?ticket=5c8753d1-940a-4677-b4e5-b0e215cb52ea:0
[  160183ms] [ERROR] Failed to load resource: the server responded with a status of 401 (Unauthorized) @ http://localhost:8081/notifications/stream?ticket=3890a5fd-2e2e-4d8e-a515-213af0c40561:0
[  161192ms] [ERROR] Failed to load resource: the server responded with a status of 401 (Unauthorized) @ http://localhost:8081/notifications/stream?ticket=1b9257a0-5205-430a-8cfd-b22a7f4bfe4b:0
[  162203ms] [ERROR] Failed to load resource: the server responded with a status of 401 (Unauthorized) @ http://localhost:8081/notifications/stream?ticket=aff8a5fc-1a23-4f46-939d-e66a849bc71b:0
[  163212ms] [ERROR] Failed to load resource: the server responded with a status of 401 (Unauthorized) @ http://localhost:8081/notifications/stream?ticket=5714bf7a-cb23-4c8c-bece-f78fa7b0e454:0
[  164224ms] [ERROR] Failed to load resource: the server responded with a status of 401 (Unauthorized) @ http://localhost:8081/notifications/stream?ticket=98455641-8522-4e51-b2da-1ba10c96d932:0
[  165235ms] [ERROR] Failed to load resource: the server responded with a status of 401 (Unauthorized) @ http://localhost:8081/notifications/stream?ticket=b6a5ffa8-520a-4d62-a67d-1786fd62054c:0
[  166242ms] [ERROR] Failed to load resource: the server responded with a status of 401 (Unauthorized) @ http://localhost:8081/notifications/stream?ticket=bcf5ef90-8f5f-495e-9425-fd5dc48fd953:0
[  167251ms] [ERROR] Failed to load resource: the server responded with a status of 401 (Unauthorized) @ http://localhost:8081/notifications/stream?ticket=44837219-f7c1-4542-a1eb-324f2cffc39a:0
[  168267ms] [ERROR] Failed to load resource: the server responded with a status of 401 (Unauthorized) @ http://localhost:8081/notifications/stream?ticket=75075cb3-86aa-4d2d-935d-162528417c83:0
[  169275ms] [ERROR] Failed to load resource: the server responded with a status of 401 (Unauthorized) @ http://localhost:8081/notifications/stream?ticket=ceaaf5f0-3355-4c67-8a65-d3963b232e77:0
[  170287ms] [ERROR] Failed to load resource: the server responded with a status of 401 (Unauthorized) @ http://localhost:8081/notifications/stream?ticket=baa93151-254e-46af-9984-5340ea0a3b8a:0
[  171300ms] [ERROR] Failed to load resource: the server responded with a status of 401 (Unauthorized) @ http://localhost:8081/notifications/stream?ticket=afdc437e-b20a-485a-8a2d-bd2d8fe70b61:0
[  172315ms] [ERROR] Failed to load resource: the server responded with a status of 401 (Unauthorized) @ http://localhost:8081/notifications/stream?ticket=bbbdfbb0-932e-4e40-97f5-3e1c81470b94:0
[  173328ms] [ERROR] Failed to load resource: the server responded with a status of 401 (Unauthorized) @ http://localhost:8081/notifications/stream?ticket=090444f9-8107-456e-bc63-6ccb8cd7d8c5:0
[  174339ms] [ERROR] Failed to load resource: the server responded with a status of 401 (Unauthorized) @ http://localhost:8081/notifications/stream?ticket=c478bc45-b437-4afd-9c6d-c89a5e2b60fd:0
[  175354ms] [ERROR] Failed to load resource: the server responded with a status of 401 (Unauthorized) @ http://localhost:8081/notifications/stream?ticket=e7b0618c-8ccb-4d93-815d-4f767e5d4f6f:0
[  176362ms] [ERROR] Failed to load resource: the server responded with a status of 401 (Unauthorized) @ http://localhost:8081/notifications/stream?ticket=7b10fadd-2dbf-411d-b870-bd0f9b1fd79b:0
[  177373ms] [ERROR] Failed to load resource: the server responded with a status of 401 (Unauthorized) @ http://localhost:8081/notifications/stream?ticket=e1207a42-c345-48ec-9eed-aabd4dcdff2a:0
[  178389ms] [ERROR] Failed to load resource: the server responded with a status of 401 (Unauthorized) @ http://localhost:8081/notifications/stream?ticket=9bfc5ea3-ac2e-404d-a1a1-c70657e4d36f:0
[  179405ms] [ERROR] Failed to load resource: the server responded with a status of 401 (Unauthorized) @ http://localhost:8081/notifications/stream?ticket=cce7fc3f-6320-4015-a439-d6e01f3158a6:0
[  180424ms] [ERROR] Failed to load resource: the server responded with a status of 401 (Unauthorized) @ http://localhost:8081/notifications/stream?ticket=4955b305-4132-43f3-8d9d-b38cfe3e5ae5:0
[  181433ms] [ERROR] Failed to load resource: the server responded with a status of 401 (Unauthorized) @ http://localhost:8081/notifications/stream?ticket=a110ba21-4c6d-447b-80b9-66f3523fc03c:0
[  182445ms] [ERROR] Failed to load resource: the server responded with a status of 401 (Unauthorized) @ http://localhost:8081/notifications/stream?ticket=b1ed8723-6704-44c8-b60c-b23834d3bf84:0
[  183455ms] [ERROR] Failed to load resource: the server responded with a status of 401 (Unauthorized) @ http://localhost:8081/notifications/stream?ticket=6bde89ae-5a8d-4629-98e0-67a33c3cb448:0
[  184470ms] [ERROR] Failed to load resource: the server responded with a status of 401 (Unauthorized) @ http://localhost:8081/notifications/stream?ticket=fc5ca826-67f9-47e7-a7a7-66ca0d577985:0
[  185482ms] [ERROR] Failed to load resource: the server responded with a status of 401 (Unauthorized) @ http://localhost:8081/notifications/stream?ticket=d540c371-d9d3-4462-ae1c-a406a7c5652a:0
[  186492ms] [ERROR] Failed to load resource: the server responded with a status of 401 (Unauthorized) @ http://localhost:8081/notifications/stream?ticket=dc22c2a4-578e-4d94-8bcb-22ad31b68f14:0
[  187503ms] [ERROR] Failed to load resource: the server responded with a status of 401 (Unauthorized) @ http://localhost:8081/notifications/stream?ticket=5ef0b39e-c18f-482b-abd2-1f616ae28e71:0
[  188518ms] [ERROR] Failed to load resource: the server responded with a status of 401 (Unauthorized) @ http://localhost:8081/notifications/stream?ticket=6fc11afe-4338-47a7-8f3c-0f3804d7b1b0:0
[  189533ms] [ERROR] Failed to load resource: the server responded with a status of 401 (Unauthorized) @ http://localhost:8081/notifications/stream?ticket=cb07743a-adfa-4ad7-96ef-f674df4fbe16:0
[  190544ms] [ERROR] Failed to load resource: the server responded with a status of 401 (Unauthorized) @ http://localhost:8081/notifications/stream?ticket=08804fc9-db17-4eee-a149-f8e70c2347d2:0
[  191552ms] [ERROR] Failed to load resource: the server responded with a status of 401 (Unauthorized) @ http://localhost:8081/notifications/stream?ticket=0d146612-2207-4aa5-a5b5-4746042ab73b:0
[  192569ms] [ERROR] Failed to load resource: the server responded with a status of 401 (Unauthorized) @ http://localhost:8081/notifications/stream?ticket=f1c6de28-5df4-408b-971a-170e3fdca811:0
[  193583ms] [ERROR] Failed to load resource: the server responded with a status of 401 (Unauthorized) @ http://localhost:8081/notifications/stream?ticket=b246005c-d33d-4aeb-a9a4-3e5695d55e45:0
[  194597ms] [ERROR] Failed to load resource: the server responded with a status of 401 (Unauthorized) @ http://localhost:8081/notifications/stream?ticket=994e615c-4673-45a3-a09b-47859656fabd:0
[  195610ms] [ERROR] Failed to load resource: the server responded with a status of 401 (Unauthorized) @ http://localhost:8081/notifications/stream?ticket=a3bcbc63-d13c-4f9b-a94c-a20c7169b432:0
[  196623ms] [ERROR] Failed to load resource: the server responded with a status of 401 (Unauthorized) @ http://localhost:8081/notifications/stream?ticket=1923928c-fd17-44ce-aa24-2d026510784b:0
[  197638ms] [ERROR] Failed to load resource: the server responded with a status of 401 (Unauthorized) @ http://localhost:8081/notifications/stream?ticket=417f4479-e995-4882-b072-40b3f9dfd408:0
[  198652ms] [ERROR] Failed to load resource: the server responded with a status of 401 (Unauthorized) @ http://localhost:8081/notifications/stream?ticket=e8118ca5-f744-413f-ab4d-6f88f5accae4:0
[  199661ms] [ERROR] Failed to load resource: the server responded with a status of 401 (Unauthorized) @ http://localhost:8081/notifications/stream?ticket=27d8f0e5-4bc1-4eae-90ed-476ea7a9cfae:0
[  200672ms] [ERROR] Failed to load resource: the server responded with a status of 401 (Unauthorized) @ http://localhost:8081/notifications/stream?ticket=70ef911f-3e6e-4a35-ba68-4b33935c969a:0
[  201687ms] [ERROR] Failed to load resource: the server responded with a status of 401 (Unauthorized) @ http://localhost:8081/notifications/stream?ticket=c8b452b8-8a45-46ac-8f20-5ad36772dedd:0
[  202702ms] [ERROR] Failed to load resource: the server responded with a status of 401 (Unauthorized) @ http://localhost:8081/notifications/stream?ticket=a7707a2f-939c-412d-8e48-a47be1bd54f9:0
[  203714ms] [ERROR] Failed to load resource: the server responded with a status of 401 (Unauthorized) @ http://localhost:8081/notifications/stream?ticket=6015a435-c63f-47fe-8485-6d3c8ef50599:0
[  204725ms] [ERROR] Failed to load resource: the server responded with a status of 401 (Unauthorized) @ http://localhost:8081/notifications/stream?ticket=0f84003f-151d-42ed-b52f-2934537c7305:0
[  205735ms] [ERROR] Failed to load resource: the server responded with a status of 401 (Unauthorized) @ http://localhost:8081/notifications/stream?ticket=123aa102-0ce5-492c-9152-5005e3881fe1:0
[  206748ms] [ERROR] Failed to load resource: the server responded with a status of 401 (Unauthorized) @ http://localhost:8081/notifications/stream?ticket=e51bf3ac-861d-4176-a6e4-f796d19a797e:0
[  207765ms] [ERROR] Failed to load resource: the server responded with a status of 401 (Unauthorized) @ http://localhost:8081/notifications/stream?ticket=bfcb225b-d249-4131-a4a6-354819b8eb4a:0
[  208774ms] [ERROR] Failed to load resource: the server responded with a status of 401 (Unauthorized) @ http://localhost:8081/notifications/stream?ticket=89d67a19-c02b-4c31-894c-3a58621d835a:0
[  209785ms] [ERROR] Failed to load resource: the server responded with a status of 401 (Unauthorized) @ http://localhost:8081/notifications/stream?ticket=e148050c-0cc9-492e-98b5-45347bd0241e:0
[  210792ms] [ERROR] Failed to load resource: the server responded with a status of 401 (Unauthorized) @ http://localhost:8081/notifications/stream?ticket=a5db7c77-5d1d-4fcd-bdd4-adc8d8a61894:0
[  211803ms] [ERROR] Failed to load resource: the server responded with a status of 401 (Unauthorized) @ http://localhost:8081/notifications/stream?ticket=549e4a35-8433-45a1-b658-cfbbd770a7b3:0
[  212820ms] [ERROR] Failed to load resource: the server responded with a status of 401 (Unauthorized) @ http://localhost:8081/notifications/stream?ticket=5d079d2c-4901-48fd-aea8-562f80ab0e2f:0
[  213834ms] [ERROR] Failed to load resource: the server responded with a status of 401 (Unauthorized) @ http://localhost:8081/notifications/stream?ticket=ecba051e-8cfd-4d23-a045-80e4f8e2a260:0
[  214842ms] [ERROR] Failed to load resource: the server responded with a status of 401 (Unauthorized) @ http://localhost:8081/notifications/stream?ticket=7529a382-5cd4-4eef-95e5-141ca73ee654:0
[  215853ms] [ERROR] Failed to load resource: the server responded with a status of 401 (Unauthorized) @ http://localhost:8081/notifications/stream?ticket=829ac49f-2889-4b87-bf56-4a48c292dc78:0
[  216869ms] [ERROR] Failed to load resource: the server responded with a status of 401 (Unauthorized) @ http://localhost:8081/notifications/stream?ticket=8ac10f85-0945-432e-9b7e-b9d6989c1202:0
[  217883ms] [ERROR] Failed to load resource: the server responded with a status of 401 (Unauthorized) @ http://localhost:8081/notifications/stream?ticket=ccc45f1a-2fbb-4c36-8592-a815344695bf:0
[  218893ms] [ERROR] Failed to load resource: the server responded with a status of 401 (Unauthorized) @ http://localhost:8081/notifications/stream?ticket=7b2683f6-4a88-4a56-85e3-c4babf6ea348:0
[  219904ms] [ERROR] Failed to load resource: the server responded with a status of 401 (Unauthorized) @ http://localhost:8081/notifications/stream?ticket=09c66f11-7612-47b4-9dbd-83876d2b65cd:0
[  220915ms] [ERROR] Failed to load resource: the server responded with a status of 401 (Unauthorized) @ http://localhost:8081/notifications/stream?ticket=33a5524b-9213-4743-a3e6-09ae02ebac47:0
[  221925ms] [ERROR] Failed to load resource: the server responded with a status of 401 (Unauthorized) @ http://localhost:8081/notifications/stream?ticket=40146228-37af-4fbc-b50d-984e953201df:0
[  222938ms] [ERROR] Failed to load resource: the server responded with a status of 401 (Unauthorized) @ http://localhost:8081/notifications/stream?ticket=b6729f88-633c-4ac2-9a4e-1ff96aee68bc:0
[  223952ms] [ERROR] Failed to load resource: the server responded with a status of 401 (Unauthorized) @ http://localhost:8081/notifications/stream?ticket=629b3bb9-6bf2-46d1-80fb-8a1f309864e4:0
[  224966ms] [ERROR] Failed to load resource: the server responded with a status of 401 (Unauthorized) @ http://localhost:8081/notifications/stream?ticket=d7d27e97-b509-46a6-a197-38b684e4aaa1:0
[  225981ms] [ERROR] Failed to load resource: the server responded with a status of 401 (Unauthorized) @ http://localhost:8081/notifications/stream?ticket=9acad77e-9921-4981-9a98-a2272a72c1cb:0
[  226994ms] [ERROR] Failed to load resource: the server responded with a status of 401 (Unauthorized) @ http://localhost:8081/notifications/stream?ticket=cdda3710-cdde-48a0-bf07-87b379d655c8:0
[  228004ms] [ERROR] Failed to load resource: the server responded with a status of 401 (Unauthorized) @ http://localhost:8081/notifications/stream?ticket=14f44437-5050-43f3-bb8b-5ea2258ab5c3:0
[  229018ms] [ERROR] Failed to load resource: the server responded with a status of 401 (Unauthorized) @ http://localhost:8081/notifications/stream?ticket=71cca1c6-afd9-4707-b738-871166b7b00e:0
[  230035ms] [ERROR] Failed to load resource: the server responded with a status of 401 (Unauthorized) @ http://localhost:8081/notifications/stream?ticket=a2229263-410a-4fa3-99d5-b064cdf985d7:0
[  231051ms] [ERROR] Failed to load resource: the server responded with a status of 401 (Unauthorized) @ http://localhost:8081/notifications/stream?ticket=a2f97c23-a4b3-4e95-a030-5363bd11ff48:0
